{
  "samples": [
    "1",
    "9",
    "0",
    "a",
    "E",
    "8",
    "D",
    "E",
    "0",
    "0"
  ],
  "seed": {
    "gamma": 8116498096415474293,
    "value": 4059479998423288761
  }
}